Connecting to: localhost:5001
Stopped at tests/debugger/do_help.js:15
(jerry-debugger) help

Documented commands (type help <topic>):
========================================
b          bt        delete   e          help      ms    quit    source
backtrace  c         display  eval       list      n     s       src   
break      continue  dump     exception  memstats  next  scroll  step  

(jerry-debugger) quit
